[Licensing::Module] Trying to connect to existing licensing client channel...
[Licensing::IpcConnector] Channel LicenseClient-wang doesn't exist
[Licensing::Module] Successfully launched the LicensingClient (PId: 12564)
[Licensing::IpcConnector] Successfully connected to: "LicenseClient-wang" at "2026-06-03T14:15:16.1502357Z"
[Licensing::Client] Code 10 while verifying Licensing Client signature (process Id: 12564, path: "D:/unity/2022.3.62f3c1/Editor/Data/Resources/Licensing/Client/Unity.Licensing.Client.exe")
[Licensing::Module] LicensingClient has failed validation; ignoring
[Licensing::Client] Handshaking with LicensingClient:
  Version:                 1.16.2+bdef8f5
  Session Id:              58d15f066a9a45198d18f293e879c7ce
  Correlation Id:          56e1984e4af9ce7ef1740c17afd5d9eb
  External correlation Id: 3396434127110364
  Machine Id:              I7g62NvIodhO7mZ6LP5F6KAa0Mc=
[Licensing::Module] Successfully connected to LicensingClient on channel: "LicenseClient-wang" (connect: 1.29s, validation: 0.07s, handshake: 0.07s)
[Licensing::IpcConnector] Successfully connected to: "LicenseClient-wang-notifications" at "2026-06-03T14:15:16.2881833Z"
[Licensing::Module] Connected to LicensingClient (PId: 12564, launch time: 0.00, total connection time: 1.43s)
[Licensing::Module] Error: Access token is unavailable; failed to update
[Licensing::Client] Successfully updated license
Built from '2022.3/china_unity/release' branch; Version is '2022.3.62f3c1 (1623fc0bbb97) revision 1451004'; Using compiler version '192829333'; Build Type 'Release'
OS: 'Windows 11  (10.0.26200) 64bit CoreCountrySpecific' Language: 'zh' Physical Memory: 16103 MB
[Licensing::Client] Successfully resolved entitlement details
[Licensing::Module] Serial number assigned to: "F4-ZW2C-VERB-X59X-XH8Q-XXXX"
BatchMode: 1, IsHumanControllingUs: 0, StartBugReporterOnCrash: 0, Is64bit: 1, IsPro: 0
[Licensing::Client] Successfully resolved entitlement details

COMMAND LINE ARGUMENTS:
D:\unity\2022.3.62f3c1\Editor\Unity.exe
-batchmode
-quit
-projectPath
H:\jiangshi
-logFile
H:\jiangshi\UnityBatch.log
Successfully changed project path to: H:\jiangshi
H:/jiangshi
[UnityMemory] Configuration Parameters - Can be set up in boot.config
    "memorysetup-bucket-allocator-granularity=16"
    "memorysetup-bucket-allocator-bucket-count=8"
    "memorysetup-bucket-allocator-block-size=33554432"
    "memorysetup-bucket-allocator-block-count=8"
    "memorysetup-main-allocator-block-size=16777216"
    "memorysetup-thread-allocator-block-size=16777216"
    "memorysetup-gfx-main-allocator-block-size=16777216"
    "memorysetup-gfx-thread-allocator-block-size=16777216"
    "memorysetup-cache-allocator-block-size=4194304"
    "memorysetup-typetree-allocator-block-size=2097152"
    "memorysetup-profiler-bucket-allocator-granularity=16"
    "memorysetup-profiler-bucket-allocator-bucket-count=8"
    "memorysetup-profiler-bucket-allocator-block-size=33554432"
    "memorysetup-profiler-bucket-allocator-block-count=8"
    "memorysetup-profiler-allocator-block-size=16777216"
    "memorysetup-profiler-editor-allocator-block-size=1048576"
    "memorysetup-temp-allocator-size-main=16777216"
    "memorysetup-job-temp-allocator-block-size=2097152"
    "memorysetup-job-temp-allocator-block-size-background=1048576"
    "memorysetup-job-temp-allocator-reduction-small-platforms=262144"
    "memorysetup-allocator-temp-initial-block-size-main=262144"
    "memorysetup-allocator-temp-initial-block-size-worker=262144"
    "memorysetup-temp-allocator-size-background-worker=32768"
    "memorysetup-temp-allocator-size-job-worker=262144"
    "memorysetup-temp-allocator-size-preload-manager=33554432"
    "memorysetup-temp-allocator-size-nav-mesh-worker=65536"
    "memorysetup-temp-allocator-size-audio-worker=65536"
    "memorysetup-temp-allocator-size-cloud-worker=32768"
    "memorysetup-temp-allocator-size-gi-baking-worker=262144"
    "memorysetup-temp-allocator-size-gfx=262144"
Player connection [14056]  Target information:

Player connection [14056]  * "[IP] 198.18.0.1 [Port] 55504 [Flags] 2 [Guid] 2445634024 [EditorId] 2445634024 [Version] 1048832 [Id] WindowsEditor(7,LAPTOP-65E6LCCS) [Debug] 1 [PackageName] WindowsEditor [ProjectName] Editor" 

Player connection [14056]  * "[IP] 100.65.62.73 [Port] 55504 [Flags] 2 [Guid] 2445634024 [EditorId] 2445634024 [Version] 1048832 [Id] WindowsEditor(7,LAPTOP-65E6LCCS) [Debug] 1 [PackageName] WindowsEditor [ProjectName] Editor" 

Player connection [14056] Host joined multi-casting on [225.0.0.222:54997]...
Player connection [14056] Host joined alternative multi-casting on [225.0.0.222:34997]...
Input System module state changed to: Initialized.
[PhysX] Initialized MultithreadedTaskDispatcher with 8 workers.
[Package Manager] UpmClient::Connect -- Connected to IPC stream "Upm-12324" after 0.5 seconds.
[Package Manager] Restoring resolved packages state from cache
[Licensing::Client] Successfully resolved entitlement details
[Package Manager] Registered 10 packages:
  Built-in packages:
    com.unity.2d.sprite@1.0.0 (location: H:\jiangshi\Library\PackageCache\com.unity.2d.sprite@1.0.0)
    com.unity.ugui@1.0.0 (location: H:\jiangshi\Library\PackageCache\com.unity.ugui@1.0.0)
    com.unity.modules.ai@1.0.0 (location: H:\jiangshi\Library\PackageCache\com.unity.modules.ai@1.0.0)
    com.unity.modules.animation@1.0.0 (location: H:\jiangshi\Library\PackageCache\com.unity.modules.animation@1.0.0)
    com.unity.modules.audio@1.0.0 (location: H:\jiangshi\Library\PackageCache\com.unity.modules.audio@1.0.0)
    com.unity.modules.physics@1.0.0 (location: H:\jiangshi\Library\PackageCache\com.unity.modules.physics@1.0.0)
    com.unity.modules.physics2d@1.0.0 (location: H:\jiangshi\Library\PackageCache\com.unity.modules.physics2d@1.0.0)
    com.unity.modules.tilemap@1.0.0 (location: H:\jiangshi\Library\PackageCache\com.unity.modules.tilemap@1.0.0)
    com.unity.modules.ui@1.0.0 (location: H:\jiangshi\Library\PackageCache\com.unity.modules.ui@1.0.0)
    com.unity.modules.imgui@1.0.0 (location: H:\jiangshi\Library\PackageCache\com.unity.modules.imgui@1.0.0)
[Subsystems] No new subsystems found in resolved package list.
Package Manager log level set to [2]
[Package Manager] Done registering packages in 1.06 seconds
Refreshing native plugins compatible for Editor in 0.00 ms, found 0 plugins.
Preloading 0 native plugins for Editor in 0.00 ms.
Initialize engine version: 2022.3.62f3c1 (1623fc0bbb97)
[Subsystems] Discovering subsystems at path D:/unity/2022.3.62f3c1/Editor/Data/Resources/UnitySubsystems
[Subsystems] Discovering subsystems at path H:/jiangshi/Assets
GfxDevice: creating device client; threaded=0; jobified=0
Direct3D:
    Version:  Direct3D 11.0 [level 11.1]
    Renderer: Intel(R) Iris(R) Xe Graphics (ID=0x9a49)
    Vendor:   Intel
    VRAM:     8051 MB
    Driver:   32.0.101.7026
[Licensing::Client] Successfully resolved entitlement details
Initialize mono
Mono path[0] = 'D:/unity/2022.3.62f3c1/Editor/Data/Managed'
Mono path[1] = 'D:/unity/2022.3.62f3c1/Editor/Data/MonoBleedingEdge/lib/mono/unityjit-win32'
Mono config path = 'D:/unity/2022.3.62f3c1/Editor/Data/MonoBleedingEdge/etc'
Using monoOptions --debugger-agent=transport=dt_socket,embedding=1,server=y,suspend=n,address=127.0.0.1:56324
Using cacheserver namespaces - metadata:defaultmetadata, artifacts:defaultartifacts
Using cacheserver namespaces - metadata:defaultmetadata, artifacts:defaultartifacts
ImportWorker Server TCP listen port: 0
Begin MonoManager ReloadAssembly
Registering precompiled unity dll's ...
Register platform support module: D:/unity/2022.3.62f3c1/Editor/Data/PlaybackEngines/WebGLSupport/UnityEditor.WebGL.Extensions.dll
Register platform support module: D:/unity/2022.3.62f3c1/Editor/Data/PlaybackEngines/WindowsStandaloneSupport/UnityEditor.WindowsStandalone.Extensions.dll
Registered in 0.004189 seconds.
- Loaded All Assemblies, in  0.375 seconds
Native extension for WindowsStandalone target not found
Native extension for WebGL target not found
Mono: successfully reloaded assembly
- Finished resetting the current domain, in  0.284 seconds
Domain Reload Profiling: 660ms
	BeginReloadAssembly (117ms)
		ExecutionOrderSort (0ms)
		DisableScriptedObjects (0ms)
		BackupInstance (0ms)
		ReleaseScriptingObjects (0ms)
		CreateAndSetChildDomain (1ms)
	RebuildCommonClasses (32ms)
	RebuildNativeTypeToScriptingClass (11ms)
	initialDomainReloadingComplete (51ms)
	LoadAllAssembliesAndSetupDomain (163ms)
		LoadAssemblies (117ms)
		RebuildTransferFunctionScriptingTraits (0ms)
		AnalyzeDomain (161ms)
			TypeCache.Refresh (159ms)
				TypeCache.ScanAssembly (145ms)
			ScanForSourceGeneratedMonoScriptInfo (0ms)
			ResolveRequiredComponents (0ms)
	FinalizeReload (285ms)
		ReleaseScriptCaches (0ms)
		RebuildScriptCaches (0ms)
		SetupLoadedEditorAssemblies (234ms)
			LogAssemblyErrors (0ms)
			InitializePlatformSupportModulesInManaged (11ms)
			SetLoadedEditorAssemblies (6ms)
			RefreshPlugins (0ms)
			BeforeProcessingInitializeOnLoad (2ms)
			ProcessInitializeOnLoadAttributes (160ms)
			ProcessInitializeOnLoadMethodAttributes (55ms)
			AfterProcessingInitializeOnLoad (0ms)
			EditorAssembliesLoaded (0ms)
		ExecutionOrderSort2 (0ms)
		AwakeInstancesAfterBackupRestoration (0ms)
[Licensing::Client] Successfully resolved entitlement details
Application.AssetDatabase Initial Refresh Start
[ScriptCompilation] Requested script compilation because: Assetdatabase observed changes in script compilation related files
info: Microsoft.Hosting.Lifetime[14]
      Now listening on: http://localhost:80
info: Microsoft.Hosting.Lifetime[0]
      Application started. Press Ctrl+C to shut down.
info: Microsoft.Hosting.Lifetime[0]
      Hosting environment: Production
info: Microsoft.Hosting.Lifetime[0]
      Content root path: H:\jiangshi\
info: Microsoft.AspNetCore.Hosting.Diagnostics[1]
      Request starting HTTP/2 POST http://ilpp/UnityILPP.PostProcessing/Ping application/grpc -
info: Microsoft.AspNetCore.Routing.EndpointMiddleware[0]
      Executing endpoint 'gRPC - /UnityILPP.PostProcessing/Ping'
info: Microsoft.AspNetCore.Routing.EndpointMiddleware[1]
      Executed endpoint 'gRPC - /UnityILPP.PostProcessing/Ping'
info: Microsoft.AspNetCore.Hosting.Diagnostics[2]
      Request finished HTTP/2 POST http://ilpp/UnityILPP.PostProcessing/Ping application/grpc - - 200 - application/grpc 46.0079ms
Starting: D:\unity\2022.3.62f3c1\Editor\Data\bee_backend.exe --ipc --defer-dag-verification --dagfile="Library/Bee/1900b0aE.dag" --continue-on-failure --profile="Library/Bee/backend1.traceevents" ScriptAssemblies
WorkingDir: H:/jiangshi
DisplayProgressbar: Compiling Scripts
ExitCode: 0 Duration: 1s536ms
[124/130    1s] Csc Library/Bee/artifacts/1900b0aE.dag/Jiangshi.Runtime.dll (+2 others)
[128/130    0s] CopyFiles Library/ScriptAssemblies/Jiangshi.Runtime.pdb
[129/130    0s] CopyFiles Library/ScriptAssemblies/Jiangshi.Runtime.dll
*** Tundra build success (1.49 seconds), 3 items updated, 130 evaluated
AssetDatabase: script compilation time: 2.099950s
Begin MonoManager ReloadAssembly
Total cache size 2422992
Total cache size after purge 2422992
- Loaded All Assemblies, in  0.303 seconds
Refreshing native plugins compatible for Editor in 0.00 ms, found 0 plugins.
Preloading 0 native plugins for Editor in 0.00 ms.
Start importing Assets/Scripts/UI/PrototypeHud.cs using Guid(c272d59edc244e64089cb248b37bf84d) Importer(-1,00000000000000000000000000000000) [PhysX] Initialized MultithreadedTaskDispatcher with 8 workers.
 -> (artifact id: '6bd7e944fdb55290dae4911c2c0353c6') in 0.024754 seconds
Refreshing native plugins compatible for Editor in 0.00 ms, found 0 plugins.
Native extension for WindowsStandalone target not found
Native extension for WebGL target not found
Mono: successfully reloaded assembly
- Finished resetting the current domain, in  0.398 seconds
Domain Reload Profiling: 702ms
	BeginReloadAssembly (206ms)
		ExecutionOrderSort (0ms)
		DisableScriptedObjects (7ms)
		BackupInstance (0ms)
		ReleaseScriptingObjects (0ms)
		CreateAndSetChildDomain (32ms)
	RebuildCommonClasses (40ms)
	RebuildNativeTypeToScriptingClass (11ms)
	initialDomainReloadingComplete (27ms)
	LoadAllAssembliesAndSetupDomain (19ms)
		LoadAssemblies (122ms)
		RebuildTransferFunctionScriptingTraits (0ms)
		AnalyzeDomain (15ms)
			TypeCache.Refresh (10ms)
				TypeCache.ScanAssembly (4ms)
			ScanForSourceGeneratedMonoScriptInfo (2ms)
			ResolveRequiredComponents (2ms)
	FinalizeReload (399ms)
		ReleaseScriptCaches (0ms)
		RebuildScriptCaches (0ms)
		SetupLoadedEditorAssemblies (260ms)
			LogAssemblyErrors (0ms)
			InitializePlatformSupportModulesInManaged (5ms)
			SetLoadedEditorAssemblies (6ms)
			RefreshPlugins (0ms)
			BeforeProcessingInitializeOnLoad (37ms)
			ProcessInitializeOnLoadAttributes (189ms)
			ProcessInitializeOnLoadMethodAttributes (21ms)
			AfterProcessingInitializeOnLoad (2ms)
			EditorAssembliesLoaded (0ms)
		ExecutionOrderSort2 (0ms)
		AwakeInstancesAfterBackupRestoration (16ms)
Refreshing native plugins compatible for Editor in 0.00 ms, found 0 plugins.
Preloading 0 native plugins for Editor in 0.00 ms.
Asset Pipeline Refresh (id=6e4b417b5eebf974b974ce759a8d77c3): Total: 3.132 seconds - Initiated by InitialRefreshV2(ForceSynchronousImport)
	Summary:
		Imports: total=1 (actual=1, local cache=0, cache server=0)
		Asset DB Process Time: managed=3 ms, native=240 ms
		Asset DB Callback time: managed=63 ms, native=2 ms
		Scripting: domain reloads=1, domain reload time=712 ms, compile time=2103 ms, other=6 ms
		Project Asset Count: scripts=443, non-scripts=197
		Asset File Changes: new=0, changed=1, moved=0, deleted=0
		Scan Filter Count: 0
	InvokeBeforeRefreshCallbacks: 0.587ms
	ApplyChangesToAssetFolders: 0.018ms
	Scan: 14.595ms
	OnSourceAssetsModified: 3.307ms
	GetAllGuidsForCategorization: 0.117ms
	CategorizeAssets: 7.505ms
	ImportOutOfDateAssets: 433.512ms (-1702.622ms without children)
		ImportManagerImport: 31.014ms (5.769ms without children)
			ImportInProcess: 25.219ms
			UpdateCategorizedAssets: 0.026ms
		CompileScripts: 2102.576ms
		ReloadNativeAssets: 0.001ms
		UnloadImportedAssets: 1.887ms
		ReloadImportedAssets: 0.371ms
		EnsureUptoDateAssetsAreRegisteredWithGuidPM: 0.145ms
		InitializingProgressBar: 0.000ms
		PostProcessAllAssetNotificationsAddChangedAssets: 0.001ms
		OnDemandSchedulerStart: 0.140ms
	PostProcessAllAssets: 61.804ms
	Hotreload: 0.833ms
	GatherAllCurrentPrimaryArtifactRevisions: 0.001ms
	UnloadStreamsBegin: 0.227ms
	PersistCurrentRevisions: 0.231ms
	UnloadStreamsEnd: 0.003ms
	GenerateScriptTypeHashes: 0.679ms
	Untracked: 2609.019ms
Application.AssetDatabase Initial Refresh End
Launched and connected shader compiler UnityShaderCompiler.exe after 0.06 seconds
Scanning for USB devices : 4.520ms
Initializing Unity extensions:
[Licensing::Client] Successfully resolved entitlement details
[MODES] ModeService[none].Initialize
[MODES] ModeService[none].LoadModes
[MODES] Loading mode Default (0) for mode-current-id-jiangshi
[PhysX] Initialized MultithreadedTaskDispatcher with 8 workers.
ProgressiveSceneManager::Cancel()
Unloading 3 Unused Serialized files (Serialized files now loaded: 0)
Unloading 17 unused Assets / (469.6 KB). Loaded Objects now: 831.
Memory consumption went from 83.5 MB to 83.0 MB.
Total: 3.744000 ms (FindLiveObjects: 0.066300 ms CreateObjectMapping: 0.013100 ms MarkObjects: 3.425700 ms  DeleteObjects: 0.237800 ms)

Batchmode quit successfully invoked - shutting down!
Curl error 42: Callback aborted
Curl error 42: Callback aborted
[PhysX] Initialized MultithreadedTaskDispatcher with 8 workers.
Input System module state changed to: ShutdownInProgress.
Input System polling thread exited.
Input System module state changed to: Shutdown.
[Licensing::IpcConnector] LicenseClient-wang-notifications channel disconnected successfully.
[Licensing::IpcConnector] LicenseClient-wang channel disconnected successfully.
Cleanup mono
abort_threads: Failed aborting id: 00000000000011F4, mono_thread_manage will ignore it

abort_threads: Failed aborting id: 0000000000004050, mono_thread_manage will ignore it

abort_threads: Failed aborting id: 00000000000011F4, mono_thread_manage will ignore it

abort_threads: Failed aborting id: 0000000000004050, mono_thread_manage will ignore it

debugger-agent: Unable to listen on 4456
[Performance] WinEditorMain                                                                                                  :        1 samples, Peak.  2.75 s (1.0x), Avg.  2.75 s, Total. 2.749 s (28.7%)
[Performance] WinEditorMain.ConfigureCrashHandler                                                                            :        1 samples, Peak.  25.0 us (1.0x), Avg.  25.0 us, Total. 25.00 us (0.0%)
[Performance] WinEditorMain.CurlRequestInitialize                                                                            :        1 samples, Peak.   943 us (1.0x), Avg.   943 us, Total. 943.1 us (0.0%)
[Performance] WinEditorMain.SetupLogFile                                                                                     :        1 samples, Peak.   320 us (1.0x), Avg.   320 us, Total. 319.8 us (0.0%)
[Performance] WinEditorMain.RunNativeTestsIfRequiredAndExit                                                                  :        1 samples, Peak.   100 ns (1.0x), Avg.   100 ns, Total. 100.0 ns (0.0%)
[Performance] WinEditorMain.Licensing                                                                                        :        1 samples, Peak.  2.71 s (1.0x), Avg.  2.71 s, Total. 2.709 s (28.3%)
[Performance] WinEditorMain.InitializeCrashHandler                                                                           :        1 samples, Peak.  34.8 ms (1.0x), Avg.  34.8 ms, Total. 34.79 ms (0.4%)
[Performance] WinEditorMain.CreateApplication                                                                                :        1 samples, Peak.   279 us (1.0x), Avg.   279 us, Total. 279.3 us (0.0%)
[Performance] Application.InitializeProject                                                                                  :        1 samples, Peak.  6.31 s (1.0x), Avg.  6.31 s, Total. 6.314 s (66.0%)
[Performance] Application.PackageManager.StartServer                                                                         :        1 samples, Peak.  2.99 ms (1.0x), Avg.  2.99 ms, Total. 2.987 ms (0.0%)
[Performance] Application.AcquireProjectLock                                                                                 :        1 samples, Peak.  21.2 ms (1.0x), Avg.  21.2 ms, Total. 21.18 ms (0.2%)
[Performance] Application.InitializeEngineNoGraphics                                                                         :        1 samples, Peak.  82.8 ms (1.0x), Avg.  82.8 ms, Total. 82.80 ms (0.9%)
[Performance] Application.PackageManager.Initialize                                                                          :        1 samples, Peak.   530 ms (1.0x), Avg.   530 ms, Total. 530.2 ms (5.5%)
[Performance] Connecting to Package Manager                                                                                  :       54 samples, Peak.  83.6 us (15.6x), Avg.  5.36 us, Total. 289.4 us (0.0%)
[Performance] Application.EngineGraphics.Initialize                                                                          :        1 samples, Peak.   102 ms (1.0x), Avg.   102 ms, Total. 102.0 ms (1.1%)
[Performance] Application.GI.Initialize                                                                                      :        1 samples, Peak.  2.73 ms (1.0x), Avg.  2.73 ms, Total. 2.732 ms (0.0%)
[Performance] Application.LoadAllDefaultResourcesFromEditor                                                                  :        1 samples, Peak.  2.23 ms (1.0x), Avg.  2.23 ms, Total. 2.226 ms (0.0%)
[Performance] Application.LoadMonoAssemblies                                                                                 :        1 samples, Peak.   673 ms (1.0x), Avg.   673 ms, Total. 672.8 ms (7.0%)
[Performance] RestoreManagedReferences                                                                                       :        2 samples, Peak.  56.4 ms (2.0x), Avg.  28.2 ms, Total. 56.35 ms (0.6%)
[Performance] InitializeOnLoad DrivenRectTransformUndo                                                                       :        2 samples, Peak.   624 us (1.2x), Avg.   521 us, Total. 1.043 ms (0.0%)
[Performance] InitializeOnLoad SceneSearch                                                                                   :        2 samples, Peak.   346 us (1.5x), Avg.   225 us, Total. 450.8 us (0.0%)
[Performance] InitializeOnLoad CloudBuild                                                                                    :        2 samples, Peak.  5.60 us (1.3x), Avg.  4.35 us, Total. 8.700 us (0.0%)
[Performance] InitializeOnLoad NativeFormatImporterUtility                                                                   :        2 samples, Peak.  3.14 ms (1.2x), Avg.  2.64 ms, Total. 5.273 ms (0.1%)
[Performance] InitializeOnLoad SearchService                                                                                 :        2 samples, Peak.   167 us (1.1x), Avg.   154 us, Total. 307.4 us (0.0%)
[Performance] InitializeOnLoad SettingsService                                                                               :        2 samples, Peak.  13.1 us (1.2x), Avg.  10.8 us, Total. 21.60 us (0.0%)
[Performance] InitializeOnLoad WindowLayout                                                                                  :        2 samples, Peak.   962 us (1.1x), Avg.   860 us, Total. 1.721 ms (0.0%)
[Performance] InitializeOnLoad AssetStoreContext                                                                             :        2 samples, Peak.  32.9 ms (1.0x), Avg.  32.8 ms, Total. 65.52 ms (0.7%)
[Performance] InitializeOnLoad PoolManager                                                                                   :        2 samples, Peak.   881 us (1.2x), Avg.   758 us, Total. 1.515 ms (0.0%)
[Performance] InitializeOnLoad MixerEffectDefinitionReloader                                                                 :        2 samples, Peak.  3.44 ms (1.3x), Avg.  2.61 ms, Total. 5.224 ms (0.1%)
[Performance] InitializeOnLoad ProjectSearch                                                                                 :        2 samples, Peak.  80.8 us (1.0x), Avg.  77.7 us, Total. 155.4 us (0.0%)
[Performance] InitializeOnLoad UISystemProfilerRenderService                                                                 :        2 samples, Peak.  12.7 us (1.1x), Avg.  11.9 us, Total. 23.80 us (0.0%)
[Performance] InitializeOnLoad EditMode                                                                                      :        2 samples, Peak.   554 us (1.2x), Avg.   470 us, Total. 940.8 us (0.0%)
[Performance] InitializeOnLoad UnityConnect                                                                                  :        2 samples, Peak.  63.2 us (1.1x), Avg.  57.0 us, Total. 114.0 us (0.0%)
[Performance] InitializeOnLoad ManagedDebugger                                                                               :        2 samples, Peak.   832 us (1.1x), Avg.   777 us, Total. 1.555 ms (0.0%)
[Performance] InitializeOnLoad ShortcutIntegration                                                                           :        2 samples, Peak.  90.0 us (1.2x), Avg.  76.8 us, Total. 153.5 us (0.0%)
[Performance] InitializeOnLoad AddComponentWindow                                                                            :        2 samples, Peak.   160 us (1.1x), Avg.   139 us, Total. 278.1 us (0.0%)
[Performance] InitializeOnLoad ManagedDebuggerWindow                                                                         :        2 samples, Peak.   191 us (1.2x), Avg.   159 us, Total. 318.4 us (0.0%)
[Performance] InitializeOnLoad CacheServerWindow                                                                             :        2 samples, Peak.  12.4 us (1.1x), Avg.  11.5 us, Total. 23.00 us (0.0%)
[Performance] InitializeOnLoad PlayModeDownload                                                                              :        2 samples, Peak.  6.02 ms (1.9x), Avg.  3.24 ms, Total. 6.471 ms (0.1%)
[Performance] InitializeOnLoad MenuItems                                                                                     :        2 samples, Peak.   138 us (1.1x), Avg.   129 us, Total. 258.1 us (0.0%)
[Performance] InitializeOnLoad PrefabInstanceChangedListener                                                                 :        2 samples, Peak.   294 us (1.2x), Avg.   246 us, Total. 492.5 us (0.0%)
[Performance] InitializeOnLoad ObjectSelectorSearch                                                                          :        2 samples, Peak.  61.0 us (1.1x), Avg.  57.2 us, Total. 114.4 us (0.0%)
[Performance] InitializeOnLoad EditorMonitor                                                                                 :        2 samples, Peak.   943 us (1.1x), Avg.   879 us, Total. 1.759 ms (0.0%)
[Performance] InitializeOnLoad RetainedMode                                                                                  :        2 samples, Peak.  2.77 ms (1.1x), Avg.  2.54 ms, Total. 5.089 ms (0.1%)
[Performance] InitializeOnLoad EditorShaderLoader                                                                            :        2 samples, Peak.   772 us (1.1x), Avg.   705 us, Total. 1.410 ms (0.0%)
[Performance] InitializeOnLoad EditorDelegateRegistration                                                                    :        2 samples, Peak.   666 us (1.2x), Avg.   545 us, Total. 1.090 ms (0.0%)
[Performance] InitializeOnLoad UIDocumentHierarchyWatcher                                                                    :        2 samples, Peak.  91.3 us (1.1x), Avg.  79.5 us, Total. 159.0 us (0.0%)
[Performance] InitializeOnLoad LiveReloadTrackerCreator                                                                      :        2 samples, Peak.   268 us (1.4x), Avg.   197 us, Total. 394.9 us (0.0%)
[Performance] InitializeOnLoad UxmlObjectEditorFactories                                                                     :        2 samples, Peak.   605 us (1.2x), Avg.   498 us, Total. 995.7 us (0.0%)
[Performance] InitializeOnLoad UXMLEditorFactories                                                                           :        2 samples, Peak.  95.9 ms (1.2x), Avg.  79.4 ms, Total. 158.8 ms (1.7%)
[Performance] InitializeOnLoad PurchasingService                                                                             :        2 samples, Peak.  9.12 ms (1.0x), Avg.  8.78 ms, Total. 17.56 ms (0.2%)
[Performance] InitializeOnLoad CloudBuildPoller                                                                              :        2 samples, Peak.   231 us (1.4x), Avg.   165 us, Total. 330.5 us (0.0%)
[Performance] InitializeOnLoad EditorGameServicesAnalytics                                                                   :        2 samples, Peak.  4.31 ms (1.3x), Avg.  3.31 ms, Total. 6.614 ms (0.1%)
[Performance] InitializeOnLoad AnalyticsService                                                                              :        2 samples, Peak.   390 us (1.3x), Avg.   296 us, Total. 591.2 us (0.0%)
[Performance] InitializeOnLoad BuildService                                                                                  :        2 samples, Peak.   195 us (1.1x), Avg.   174 us, Total. 348.0 us (0.0%)
[Performance] InitializeOnLoad AdsService                                                                                    :        2 samples, Peak.   602 us (1.2x), Avg.   495 us, Total. 989.1 us (0.0%)
[Performance] InitializeOnLoad UDPService                                                                                    :        2 samples, Peak.   213 us (1.2x), Avg.   181 us, Total. 361.4 us (0.0%)
[Performance] InitializeOnLoad CrashService                                                                                  :        2 samples, Peak.   232 us (1.1x), Avg.   213 us, Total. 426.8 us (0.0%)
[Performance] InitializeOnLoad ServicesRepository                                                                            :        2 samples, Peak.   600 ns (1.1x), Avg.   550 ns, Total. 1.100 us (0.0%)
[Performance] InitializeOnLoad SearchWindow                                                                                  :        2 samples, Peak.   184 us (1.2x), Avg.   158 us, Total. 315.1 us (0.0%)
[Performance] InitializeOnLoad CustomIndexers                                                                                :        2 samples, Peak.  21.7 ms (1.1x), Avg.  20.6 ms, Total. 41.30 ms (0.4%)
[Performance] InitializeOnLoad SearchMonitor                                                                                 :        2 samples, Peak.  1.57 ms (1.3x), Avg.  1.22 ms, Total. 2.438 ms (0.0%)
[Performance] InitializeOnLoad ParameterControllerEditor                                                                     :        2 samples, Peak.  29.8 us (1.3x), Avg.  23.4 us, Total. 46.80 us (0.0%)
[Performance] InitializeOnLoad LayerSettingsWindow                                                                           :        2 samples, Peak.  26.1 us (1.8x), Avg.  14.9 us, Total. 29.80 us (0.0%)
[Performance] InitializeOnLoad PackageManagerHookGUIDConverter.RegisterPackagesEventHandler                                  :        2 samples, Peak.   817 us (1.7x), Avg.   493 us, Total. 986.7 us (0.0%)
[Performance] InitializeOnLoad EditorDragAndDrop.RegisterEditorClient                                                        :        2 samples, Peak.   257 us (1.2x), Avg.   211 us, Total. 421.5 us (0.0%)
[Performance] InitializeOnLoad EditorEventCallbacks.InitializeFontAssetResourceChangeCallBacks                               :        2 samples, Peak.  1.42 ms (1.1x), Avg.  1.35 ms, Total. 2.706 ms (0.0%)
[Performance] InitializeOnLoad SceneTemplateService.Init                                                                     :        2 samples, Peak.  1.50 ms (1.2x), Avg.  1.25 ms, Total. 2.506 ms (0.0%)
[Performance] InitializeOnLoad DiagnosticSwitchesConsoleMessage.Init                                                         :        2 samples, Peak.  9.47 ms (1.7x), Avg.  5.69 ms, Total. 11.39 ms (0.1%)
[Performance] InitializeOnLoad MemoryProfilerCompilationGuard.InjectCompileGuard                                             :        2 samples, Peak.   250 us (1.1x), Avg.   226 us, Total. 452.6 us (0.0%)
[Performance] InitializeOnLoad EditorWindow.Initialize                                                                       :        2 samples, Peak.   330 us (1.2x), Avg.   282 us, Total. 564.8 us (0.0%)
[Performance] InitializeOnLoad AssetPostprocessingInternal.RefreshCustomDependencies                                         :        2 samples, Peak.  3.92 ms (1.4x), Avg.  2.83 ms, Total. 5.668 ms (0.1%)
[Performance] InitializeOnLoad SysrootManager.Initialize                                                                     :        2 samples, Peak.  18.2 us (1.1x), Avg.  17.0 us, Total. 34.00 us (0.0%)
[Performance] InitializeOnLoad PackageManagerWindow.EditorInitializedInSafeMode                                              :        2 samples, Peak.  30.1 ms (2.0x), Avg.  15.1 ms, Total. 30.27 ms (0.3%)
[Performance] InitializeOnLoad ToolShortcutContext.Init                                                                      :        2 samples, Peak.   139 us (1.0x), Avg.   134 us, Total. 267.6 us (0.0%)
[Performance] InitializeOnLoad SceneVisibilityManager.Initialize                                                             :        2 samples, Peak.  5.84 ms (1.7x), Avg.  3.45 ms, Total. 6.900 ms (0.1%)
[Performance] InitializeOnLoad ScopedRegistryAddedPopup.SubscribeToRegistriesAdded                                           :        2 samples, Peak.  10.3 ms (2.0x), Avg.  5.23 ms, Total. 10.46 ms (0.1%)
[Performance] AssemblyReloadEvents.afterAssemblyReload: UnityEditor.SceneTemplate.SceneTemplateService.AfterAssemblyReload   :        2 samples, Peak.  7.89 ms (1.9x), Avg.  4.16 ms, Total. 8.318 ms (0.1%)
[Performance] ProcessService.EditorAfterLoadAllAssemblies                                                                    :        2 samples, Peak.   389 us (1.1x), Avg.   339 us, Total. 678.6 us (0.0%)
[Performance] Application.ReadLicenseInfo                                                                                    :        1 samples, Peak.  18.0 ms (1.0x), Avg.  18.0 ms, Total. 18.02 ms (0.2%)
[Performance] Application.InitialRefresh                                                                                     :        1 samples, Peak.  3.13 s (1.0x), Avg.  3.13 s, Total. 3.133 s (32.7%)
[Performance] ShaderImporter.SourceAssetModified                                                                             :        2 samples, Peak.   900 ns (1.3x), Avg.   700 ns, Total. 1.400 us (0.0%)
[Performance] ShaderIncludeImporter.SourceAssetModified                                                                      :        2 samples, Peak.  1.20 us (1.3x), Avg.   950 ns, Total. 1.900 us (0.0%)
[Performance] Compiling Scripts                                                                                              :        1 samples, Peak.  2.10 s (1.0x), Avg.  2.10 s, Total. 2.100 s (21.9%)
[Performance] AssemblyReloadEvents.beforeAssemblyReload: UnityEditor.SceneTemplate.SceneTemplateService.BeforeAssemblyReload :        1 samples, Peak.   541 us (1.0x), Avg.   541 us, Total. 540.9 us (0.0%)
[Performance] PresetManagerPostProcessor.OnPreprocessAsset                                                                   :        1 samples, Peak.  1.49 ms (1.0x), Avg.  1.49 ms, Total. 1.489 ms (0.0%)
[Performance] CancelSplashScreenOnAssetChange.OnPreprocessAsset                                                              :        1 samples, Peak.   152 us (1.0x), Avg.   152 us, Total. 152.2 us (0.0%)
[Performance] InitializeOnLoad SwordsmanArtSetup                                                                             :        1 samples, Peak.   595 us (1.0x), Avg.   595 us, Total. 595.2 us (0.0%)
[Performance] InitializeOnLoad SoldierArtSetup                                                                               :        1 samples, Peak.   520 us (1.0x), Avg.   520 us, Total. 519.9 us (0.0%)
[Performance] InitializeOnLoad PrefabLayoutRebuilder                                                                         :        1 samples, Peak.   313 us (1.0x), Avg.   313 us, Total. 312.6 us (0.0%)
[Performance] InitializeOnLoad SpriteEditorWindow                                                                            :        1 samples, Peak.  1.01 ms (1.0x), Avg.  1.01 ms, Total. 1.010 ms (0.0%)
[Performance] InitializeOnLoad VisualAssetPlayModeSmokeTest.ResumeAfterDomainReload                                          :        1 samples, Peak.   322 us (1.0x), Avg.   322 us, Total. 321.5 us (0.0%)
[Performance] InitializeOnLoad PlayModeSmokeTest.ResumeAfterDomainReload                                                     :        1 samples, Peak.   150 us (1.0x), Avg.   150 us, Total. 150.2 us (0.0%)
[Performance] InitializeOnLoad WaveBoundarySmokeTest.ResumeAfterDomainReload                                                 :        1 samples, Peak.   126 us (1.0x), Avg.   126 us, Total. 125.6 us (0.0%)
[Performance] DidReloadScriptsAdvancedDropdownWindow.OnScriptReload                                                          :        1 samples, Peak.   250 us (1.0x), Avg.   250 us, Total. 249.8 us (0.0%)
[Performance] AssetDatabase.ImportAssets                                                                                     :        3 samples, Peak.  1.00 us (1.9x), Avg.   533 ns, Total. 1.600 us (0.0%)
[Performance] VersionControl.Task.Wait                                                                                       :        1 samples, Peak.  7.70 us (1.0x), Avg.  7.70 us, Total. 7.700 us (0.0%)
[Performance] BuilderAssetPostprocessor.OnPostprocessAllAssets                                                               :        2 samples, Peak.  3.83 ms (1.0x), Avg.  3.75 ms, Total. 7.501 ms (0.1%)
[Performance] ArtifactBrowserPostProcessor.OnPostprocessAllAssets                                                            :        2 samples, Peak.   656 us (1.0x), Avg.   654 us, Total. 1.308 ms (0.0%)
[Performance] AssetEvents.OnPostprocessAllAssets                                                                             :        4 samples, Peak.   241 us (1.6x), Avg.   155 us, Total. 620.1 us (0.0%)
[Performance] AudioMixerPostprocessor.OnPostprocessAllAssets                                                                 :        2 samples, Peak.   388 us (1.0x), Avg.   386 us, Total. 771.7 us (0.0%)
[Performance] StyleCatalogPostProcessor.OnPostprocessAllAssets                                                               :        2 samples, Peak.  30.1 ms (1.0x), Avg.  30.1 ms, Total. 60.12 ms (0.6%)
[Performance] BuildCatalog                                                                                                   :        1 samples, Peak.  28.7 ms (1.0x), Avg.  28.7 ms, Total. 28.74 ms (0.3%)
[Performance] ModelImporterPostProcessor.OnPostprocessAllAssets                                                              :        2 samples, Peak.  1.36 ms (1.0x), Avg.  1.36 ms, Total. 2.718 ms (0.0%)
[Performance] RetainedModeAssetPostprocessor.OnPostprocessAllAssets                                                          :        2 samples, Peak.  4.03 ms (1.0x), Avg.  4.03 ms, Total. 8.051 ms (0.1%)
[Performance] AssetChangedListener.OnPostprocessAllAssets                                                                    :        2 samples, Peak.  3.08 ms (1.0x), Avg.  3.07 ms, Total. 6.145 ms (0.1%)
[Performance] SpeedTreePostProcessor.OnPostprocessAllAssets                                                                  :        2 samples, Peak.   413 us (1.0x), Avg.   409 us, Total. 817.4 us (0.0%)
[Performance] TextAssetPostProcessor.OnPostprocessAllAssets                                                                  :        2 samples, Peak.   877 us (1.0x), Avg.   873 us, Total. 1.746 ms (0.0%)
[Performance] SpriteEditorTexturePostprocessor.OnPostprocessAllAssets                                                        :        2 samples, Peak.   546 us (1.0x), Avg.   542 us, Total. 1.084 ms (0.0%)
[Performance] SyncVS.PostprocessSyncProject                                                                                  :        1 samples, Peak.  2.49 ms (1.0x), Avg.  2.49 ms, Total. 2.492 ms (0.0%)
[Performance] Application.ImportPackagesAndSetTemplateWhenCreatingProject                                                    :        1 samples, Peak.  18.6 ms (1.0x), Avg.  18.6 ms, Total. 18.62 ms (0.2%)
[Performance] Application.SyncCurrentColorSpace                                                                              :        1 samples, Peak.   112 ms (1.0x), Avg.   112 ms, Total. 112.1 ms (1.2%)
[Performance] Application.OnUsbDevicesChanged                                                                                :        1 samples, Peak.  4.60 ms (1.0x), Avg.  4.60 ms, Total. 4.604 ms (0.0%)
[Performance] Application.AssetInstanceCacheUpdate                                                                           :        1 samples, Peak.   600 ns (1.0x), Avg.   600 ns, Total. 600.0 ns (0.0%)
[Performance] Application.UnityExtensions.Initialize                                                                         :        1 samples, Peak.   965 us (1.0x), Avg.   965 us, Total. 964.5 us (0.0%)
[Performance] CodeEditorProjectSync.SyncEditorProject                                                                        :        1 samples, Peak.   254 us (1.0x), Avg.   254 us, Total. 254.1 us (0.0%)
[Performance] Application.ExecuteStartups                                                                                    :        1 samples, Peak.  89.2 ms (1.0x), Avg.  89.2 ms, Total. 89.16 ms (0.9%)
[Performance] Menu.RegisterMenuInterface                                                                                     :       26 samples, Peak.  1.50 us (5.2x), Avg.   288 ns, Total. 7.500 us (0.0%)
[Performance] Gizmo.RebuildRenderers                                                                                         :        1 samples, Peak.  88.9 ms (1.0x), Avg.  88.9 ms, Total. 88.87 ms (0.9%)
[Performance] Gizmo.AddGizmoRenderers                                                                                        :       24 samples, Peak.  3.25 ms (18.8x), Avg.   173 us, Total. 4.152 ms (0.0%)
[Performance] Application.editorInitializingProject                                                                          :        1 samples, Peak.   239 ms (1.0x), Avg.   239 ms, Total. 239.0 ms (2.5%)
[Performance] Application.InitializeMenu                                                                                     :        1 samples, Peak.  57.2 ms (1.0x), Avg.  57.2 ms, Total. 57.17 ms (0.6%)
[Performance] Menu.RebuildAll                                                                                                :        1 samples, Peak.  57.2 ms (1.0x), Avg.  57.2 ms, Total. 57.15 ms (0.6%)
[Performance] Menu.BuildRegisteredMenuInterfaces                                                                             :        1 samples, Peak.  54.9 ms (1.0x), Avg.  54.9 ms, Total. 54.88 ms (0.6%)
[Performance] Menu.FilterMenuItem                                                                                            :      550 samples, Peak.  21.6 ms (544.7x), Avg.  39.6 us, Total. 21.78 ms (0.2%)
[Performance] UpdateAllMenus                                                                                                 :        1 samples, Peak.   617 us (1.0x), Avg.   617 us, Total. 617.4 us (0.0%)
[Performance] Menu.RebuildOSMainMenu                                                                                         :        2 samples, Peak.  1.88 ms (1.1x), Avg.  1.66 ms, Total. 3.329 ms (0.0%)
[Performance] EditorSceneManager.sceneClosing: UnityEditor.SceneVisibilityManager.EditorSceneManagerOnSceneClosing           :        1 samples, Peak.   307 us (1.0x), Avg.   307 us, Total. 307.2 us (0.0%)
[Performance] GUIView.RepaintAll.PlayerLoopController                                                                        :        1 samples, Peak.  1.60 us (1.0x), Avg.  1.60 us, Total. 1.600 us (0.0%)
[Performance] EditorSceneManager.newSceneCreated: UnityEditor.SceneTemplate.SceneTemplateService.OnNewSceneCreated           :        1 samples, Peak.   290 us (1.0x), Avg.   290 us, Total. 289.6 us (0.0%)
[Performance] EditorSceneManager.newSceneCreated: UnityEditor.SceneVisibilityManager.EditorSceneManagerOnNewSceneCreated     :        1 samples, Peak.   266 us (1.0x), Avg.   266 us, Total. 265.9 us (0.0%)
[Performance] EditorSceneManager.newSceneCreated: UnityEditor.SceneManagement.StageNavigationManager.OnNewSceneCreated       :        1 samples, Peak.   135 us (1.0x), Avg.   135 us, Total. 135.3 us (0.0%)
[Performance] Application.InvokeFinishedLoadingProject                                                                       :        1 samples, Peak.  1.59 ms (1.0x), Avg.  1.59 ms, Total. 1.588 ms (0.0%)
[Performance] ProcessService.OnProjectLoaded                                                                                 :        1 samples, Peak.  64.4 us (1.0x), Avg.  64.4 us, Total. 64.40 us (0.0%)
[Performance] EditorApplication.quitting: callback in UnityEditor.TextCore.Text.EditorEventCallbacks                         :        1 samples, Peak.  4.98 ms (1.0x), Avg.  4.98 ms, Total. 4.982 ms (0.1%)
[Performance] Application.Shutdown.PauseProfilerSession                                                                      :        1 samples, Peak.  35.3 us (1.0x), Avg.  35.3 us, Total. 35.30 us (0.0%)
[Performance] Application.Shutdown.PauseAssetImportWorkers                                                                   :        1 samples, Peak.   121 us (1.0x), Avg.   121 us, Total. 120.9 us (0.0%)
[Performance] Application.Shutdown.SaveAssets                                                                                :        1 samples, Peak.  12.2 ms (1.0x), Avg.  12.2 ms, Total. 12.16 ms (0.1%)
[Performance] BuilderAssetModificationProcessor.OnWillSaveAssets                                                             :        1 samples, Peak.   599 us (1.0x), Avg.   599 us, Total. 598.7 us (0.0%)
[Performance] TerrainModificationProcessor.OnWillSaveAssets                                                                  :        1 samples, Peak.   719 us (1.0x), Avg.   719 us, Total. 719.2 us (0.0%)
[Performance] Application.Shutdown.CleanupRenderPipeline                                                                     :        1 samples, Peak.  6.90 us (1.0x), Avg.  6.90 us, Total. 6.900 us (0.0%)
[Performance] Application.Shutdown.StopPreloadManager                                                                        :        1 samples, Peak.  9.87 ms (1.0x), Avg.  9.87 ms, Total. 9.867 ms (0.1%)
[Performance] Application.Shutdown.DestroyWorld                                                                              :        1 samples, Peak.   428 us (1.0x), Avg.   428 us, Total. 428.4 us (0.0%)
[Performance] Application.Shutdown.CleanupAfterLoad                                                                          :        1 samples, Peak.  2.32 ms (1.0x), Avg.  2.32 ms, Total. 2.319 ms (0.0%)
[Performance] Application.Shutdown.Progress                                                                                  :        1 samples, Peak.  7.30 us (1.0x), Avg.  7.30 us, Total. 7.300 us (0.0%)
[Performance] Application.Shutdown.GICleanupManagers                                                                         :        1 samples, Peak.   465 us (1.0x), Avg.   465 us, Total. 464.9 us (0.0%)
[Performance] Application.Shutdown.MenuCleanupClass                                                                          :        1 samples, Peak.   259 us (1.0x), Avg.   259 us, Total. 259.1 us (0.0%)
[Performance] Application.Shutdown.ADBSaveStateBeforeShutdown                                                                :        1 samples, Peak.  9.20 us (1.0x), Avg.  9.20 us, Total. 9.200 us (0.0%)
[Performance] Application.Shutdown.RemoteShutdown                                                                            :        1 samples, Peak.  1.10 us (1.0x), Avg.  1.10 us, Total. 1.100 us (0.0%)
[Performance] Application.Shutdown.CleanupVCProvider                                                                         :        1 samples, Peak.  11.9 us (1.0x), Avg.  11.9 us, Total. 11.90 us (0.0%)
[Performance] Application.Shutdown.InputShutdown                                                                             :        1 samples, Peak.   400 ns (1.0x), Avg.   400 ns, Total. 400.0 ns (0.0%)
[Performance] Application.Shutdown.GizmoManagerDestroy                                                                       :        1 samples, Peak.  1.61 ms (1.0x), Avg.  1.61 ms, Total. 1.612 ms (0.0%)
[Performance] Application.Shutdown.ProfilerSession                                                                           :        1 samples, Peak.   282 us (1.0x), Avg.   282 us, Total. 282.0 us (0.0%)
[Performance] Application.Shutdown.ReleaseGfxWindowOnAllGUIViews                                                             :        1 samples, Peak.   500 ns (1.0x), Avg.   500 ns, Total. 500.0 ns (0.0%)
[Performance] Application.Shutdown.CleanupEngine                                                                             :        1 samples, Peak.   238 ms (1.0x), Avg.   238 ms, Total. 237.8 ms (2.5%)
[Performance] Application.Shutdown.CleanupAssetDatabase                                                                      :        1 samples, Peak.  17.9 ms (1.0x), Avg.  17.9 ms, Total. 17.88 ms (0.2%)
[Performance] Application.Shutdown.ScriptCompilationCleanUp                                                                  :        1 samples, Peak.  16.5 ms (1.0x), Avg.  16.5 ms, Total. 16.54 ms (0.2%)
[Performance] Application.Shutdown.DestroyJobSystem                                                                          :        1 samples, Peak.   146 us (1.0x), Avg.   146 us, Total. 146.5 us (0.0%)
[Performance] Application.Shutdown.CleanupPersistentManager                                                                  :        1 samples, Peak.   678 us (1.0x), Avg.   678 us, Total. 677.8 us (0.0%)
[Performance] Application.Shutdown.CleanupAsyncReadManager                                                                   :        1 samples, Peak.   287 us (1.0x), Avg.   287 us, Total. 287.2 us (0.0%)
[Performance] Application.Shutdown.CleanupProgressBar                                                                        :        1 samples, Peak.   400 ns (1.0x), Avg.   400 ns, Total. 400.0 ns (0.0%)
[Performance] Application.Shutdown.CleanupMono                                                                               :        1 samples, Peak.  52.5 ms (1.0x), Avg.  52.5 ms, Total. 52.46 ms (0.5%)
[Performance] Application.Shutdown.CleanupStdConverters                                                                      :        1 samples, Peak.  9.50 us (1.0x), Avg.  9.50 us, Total. 9.500 us (0.0%)
[Performance] Application.Shutdown.UnloadAllPlatformSupportModuleNativeDlls                                                  :        1 samples, Peak.   800 ns (1.0x), Avg.   800 ns, Total. 800.0 ns (0.0%)
[Performance] Application.Shutdown.UnloadAllPlatformSupportNativeLibraries                                                   :        1 samples, Peak.   100 ns (1.0x), Avg.   100 ns, Total. 100.0 ns (0.0%)
[Performance] Application.Shutdown.CleanupAutoDocumentation                                                                  :        1 samples, Peak.   430 us (1.0x), Avg.   430 us, Total. 430.4 us (0.0%)
[Performance] Application.Shutdown.ShaderNameManagerDestroy                                                                  :        1 samples, Peak.  53.0 us (1.0x), Avg.  53.0 us, Total. 53.00 us (0.0%)
[Performance] Application.Shutdown.CleanupCacheServer                                                                        :        1 samples, Peak.   400 ns (1.0x), Avg.   400 ns, Total. 400.0 ns (0.0%)
[Performance] Application.Shutdown.Virtualization_Shutdown                                                                   :        1 samples, Peak.   400 ns (1.0x), Avg.   400 ns, Total. 400.0 ns (0.0%)
[Performance] Application.Shutdown.DevConnections                                                                            :        1 samples, Peak.   181 us (1.0x), Avg.   181 us, Total. 181.4 us (0.0%)
Exiting batchmode successfully now!
Exiting without the bug reporter. Application will terminate with return code 0